// Jest Snapshot v1, https://goo.gl/fbAQLP

exports[`CoreCommand should have no regression 1`] = `
CoreCommand {
  "_actionHandler": null,
  "_actionResults": Array [],
  "_aliases": Array [],
  "_allowUnknownOption": false,
  "_args": Array [],
  "_combineFlagAndOptionalValue": true,
  "_defaultCommandName": null,
  "_events": Object {},
  "_eventsCount": 0,
  "_executableFile": null,
  "_executableHandler": false,
  "_exitCallback": null,
  "_hasHelpOption": true,
  "_hasImplicitHelpCommand": undefined,
  "_helpCommandDescription": "display help for command",
  "_helpCommandName": "help",
  "_helpCommandnameAndArgs": "help [command]",
  "_helpDescription": "display help for command",
  "_helpFlags": "-h, --help",
  "_helpLongFlag": "--help",
  "_helpShortFlag": "-h",
  "_hidden": false,
  "_maxListeners": undefined,
  "_name": "",
  "_optionValues": Object {},
  "_passCommandToAction": true,
  "_scriptPath": null,
  "_storeOptionsAsProperties": true,
  "_storeOptionsAsPropertiesCalled": false,
  "commands": Array [],
  "options": Array [],
  "parent": null,
  "rawArgs": null,
  Symbol(kCapture): false,
}
`;
