// Jest Snapshot v1, https://goo.gl/fbAQLP

exports[`CoreProgram should have no regression 1`] = `
CoreCommand {
  "name": [MockFunction],
  "parse": [MockFunction],
  "version": [MockFunction],
}
`;
